1: Z 1: started
2: Z 2: started
3: Z 3: started
4: Z 4: started
5: Z 5: started
6: Z 6: started
7: Z 7: started
8: Z 8: started
9: Z 9: started
10: Z 10: started
11: Z 11: started
12: Z 12: started
13: Z 13: started
14: Z 14: started
15: Z 15: started
16: Z 16: started
17: Z 17: started
18: Z 18: started
19: Z 19: started
20: Z 20: started
21: Z 21: started
22: Z 22: started
23: Z 23: started
24: Z 24: started
25: Z 25: started
26: Z 26: started
27: Z 27: started
28: Z 28: started
29: Z 29: started
30: Z 30: started
31: Z 31: started
32: Z 32: started
33: Z 33: started
34: Z 34: started
35: Z 35: started
36: Z 36: started
37: Z 37: started
38: Z 38: started
39: Z 39: started
40: Z 40: started
41: Z 41: started
42: Z 42: started
43: Z 43: started
44: Z 44: started
45: Z 45: started
46: Z 46: started
47: Z 47: started
48: Z 48: started
49: Z 49: started
50: Z 50: started
51: Z 51: started
52: Z 52: started
53: U 1: started
54: U 2: started
55: U 3: started
56: U 4: started
57: U 5: started
58: U 6: started
59: U 7: started
60: U 8: started
61: U 9: started
62: U 10: started
63: U 11: started
64: U 12: started
65: U 13: started
66: U 14: started
67: U 15: started
68: U 16: started
69: U 17: started
70: U 18: started
71: U 19: started
72: U 20: started
73: U 21: started
74: U 22: started
75: U 23: started
76: U 24: started
77: U 25: started
78: U 26: started
79: U 27: started
80: U 28: started
81: U 29: started
82: U 30: started
83: U 31: started
84: U 32: started
85: U 33: started
86: U 34: started
87: U 35: started
88: U 36: started
89: U 37: started
90: U 38: started
91: U 39: started
92: U 40: started
93: U 41: started
94: U 42: started
95: U 43: started
96: U 44: started
97: U 45: started
98: U 46: started
99: U 47: started
100: U 48: started
101: U 49: started
102: U 50: started
103: U 51: started
104: U 52: started
105: U 53: started
106: U 54: started
107: U 55: started
108: U 56: started
109: U 57: started
110: U 58: started
111: U 59: started
112: U 60: started
113: U 61: started
114: U 62: started
115: U 63: started
116: U 64: started
117: U 65: started
118: U 66: started
119: U 67: started
120: U 68: started
121: U 69: started
122: U 70: started
123: U 71: started
124: U 72: started
125: U 73: started
126: U 74: started
127: U 75: started
128: U 76: started
129: U 77: started
130: U 78: started
131: U 79: started
132: U 80: started
133: U 81: started
134: U 82: started
135: U 83: started
136: U 84: started
137: U 85: started
138: U 86: started
139: U 86: taking break
140: Z 4: entering office for a service 2
141: Z 15: entering office for a service 3
142: Z 35: entering office for a service 3
143: Z 2: entering office for a service 2
144: Z 27: going home
145: closing
146: Z 45: going home
147: Z 23: going home
148: Z 38: going home
149: Z 51: going home
150: Z 32: going home
151: Z 14: going home
152: Z 10: going home
153: U 86: break finished
154: U 1: serving a service of type 3
155: Z 15: called by office worker
156: U 2: serving a service of type 2
157: Z 4: called by office worker
158: U 1: service finished
159: U 3: serving a service of type 3
160: Z 35: called by office worker
161: U 5: serving a service of type 2
162: Z 2: called by office worker
163: U 4: going home
164: U 2: service finished
165: Z 4: going home
166: U 6: going home
167: U 7: going home
168: U 8: going home
169: U 9: going home
170: U 3: service finished
171: U 10: going home
172: U 11: going home
173: U 12: going home
174: U 13: going home
175: U 5: service finished
176: U 14: going home
177: U 15: going home
178: U 16: going home
179: U 17: going home
180: U 18: going home
181: U 19: going home
182: U 20: going home
183: U 21: going home
184: U 22: going home
185: U 23: going home
186: U 24: going home
187: U 25: going home
188: U 26: going home
189: U 27: going home
190: U 28: going home
191: U 29: going home
192: U 30: going home
193: U 31: going home
194: U 32: going home
195: U 33: going home
196: U 34: going home
197: U 35: going home
198: U 36: going home
199: U 37: going home
200: U 38: going home
201: U 39: going home
202: U 41: going home
203: U 42: going home
204: U 43: going home
205: U 44: going home
206: U 45: going home
207: U 40: going home
208: U 46: going home
209: U 47: going home
210: U 48: going home
211: U 49: going home
212: U 50: going home
213: U 51: going home
214: U 52: going home
215: U 53: going home
216: U 54: going home
217: U 55: going home
218: U 56: going home
219: U 57: going home
220: U 58: going home
221: U 59: going home
222: U 60: going home
223: U 61: going home
224: U 62: going home
225: U 63: going home
226: U 64: going home
227: U 65: going home
228: U 66: going home
229: U 67: going home
230: U 68: going home
231: U 69: going home
232: U 70: going home
233: U 71: going home
234: U 72: going home
235: U 73: going home
236: U 74: going home
237: U 75: going home
238: U 76: going home
239: U 77: going home
240: U 78: going home
241: U 79: going home
242: U 80: going home
243: U 81: going home
244: U 82: going home
245: U 83: going home
246: U 84: going home
247: U 85: going home
248: U 86: going home
249: U 1: going home
250: U 2: going home
251: U 3: going home
252: U 5: going home
253: Z 7: going home
254: Z 2: going home
255: Z 3: going home
256: Z 15: going home
257: Z 30: going home
258: Z 35: going home
259: Z 46: going home
260: Z 37: going home
261: Z 24: going home
262: Z 49: going home
263: Z 13: going home
264: Z 40: going home
265: Z 34: going home
266: Z 41: going home
267: Z 42: going home
268: Z 43: going home
269: Z 5: going home
270: Z 44: going home
271: Z 12: going home
272: Z 28: going home
273: Z 36: going home
274: Z 47: going home
275: Z 25: going home
276: Z 31: going home
277: Z 52: going home
278: Z 9: going home
279: Z 17: going home
280: Z 8: going home
281: Z 48: going home
282: Z 18: going home
283: Z 26: going home
284: Z 19: going home
285: Z 50: going home
286: Z 20: going home
287: Z 21: going home
288: Z 33: going home
289: Z 1: going home
290: Z 16: going home
291: Z 6: going home
292: Z 11: going home
293: Z 29: going home
294: Z 22: going home
295: Z 39: going home
